// Jest Snapshot v1, https://goo.gl/fbAQLP

exports[`Tests in <FirstApp /> should match with the snapshot 1`] = `
<div>
  <h1
    data-testid="test-title"
  >
     
    Hello, how are you
     
  </h1>
  <p>
    There is no subtitle
  </p>
  <p>
    There is no subtitle
  </p>
  <p>
    Dario Daza
  </p>
</div>
`;
